MySQL Shell 8.0.43

Copyright (c) 2016, 2025, Oracle and/or its affiliates.
Oracle is a registered trademark of Oracle Corporation and/or its affiliates.
Other names may be trademarks of their respective owners.

Type '\help' or '\?' for help; '\quit' to exit.
 MySQL  JS > \sql
Switching to SQL mode... Commands end with ;
 MySQL  SQL > \connect --mc root@localhost
Creating a Classic session to 'root@localhost'
Fetching global names for auto-completion... Press ^C to stop.
Your MySQL connection id is 8
Server version: 8.0.43 MySQL Community Server - GPL
No default schema selected; type \use <schema> to set one.
 MySQL  localhost:3306 ssl  SQL > use tbd2;
Default schema set to `tbd2`.
Fetching global names, object names from `tbd2` for auto-completion... Press ^C to stop.
 MySQL  localhost:3306 ssl  tbd2  SQL > show tables;
+----------------+
| Tables_in_tbd2 |
+----------------+
| cliente        |
| producto       |
| venta          |
| ventadetalle   |
+----------------+
4 rows in set (0.0094 sec)
 MySQL  localhost:3306 ssl  tbd2  SQL > create table estudiante(
                                     ->     idestudiante int not null auto_increment key,
                                     ->     nombre varchar(50) not null,
                                     ->     fecha_nac date not null
                                     -> );
Query OK, 0 rows affected (0.1024 sec)
 MySQL  localhost:3306 ssl  tbd2  SQL > create table asignatura(
                                     ->     idasignatura int not null auto_increment key,
                                     ->     nombre varchar(50) not null,
                                     ->     creditos int not null
                                     -> );
Query OK, 0 rows affected (0.0290 sec)
 MySQL  localhost:3306 ssl  tbd2  SQL > create table horario(
                                     ->     idhorario int not null auto_increment key,
                                     ->     idestudiante int not null,
                                     ->     foreign key(idestudiante) references estudiante(idestudiante)
                                     ->     on delete restrict
                                     ->     on update cascade
                                     -> );
Query OK, 0 rows affected (0.0686 sec)
 MySQL  localhost:3306 ssl  tbd2  SQL > insert into estudiante(nombre, fecha_nac)
                                     -> values ('Alex','2004-12-2'),
                                     ->        ('Michelle','2003-10-2'),
                                     ->        ('Juan','2004-10-1');
Query OK, 3 rows affected (0.0235 sec)

Records: 3  Duplicates: 0  Warnings: 0
 MySQL  localhost:3306 ssl  tbd2  SQL > insert into horario(idestudiante) values (1),(2),(3);
Query OK, 3 rows affected (0.0062 sec)

Records: 3  Duplicates: 0  Warnings: 0
 MySQL  localhost:3306 ssl  tbd2  SQL > select * from horario;
+-----------+--------------+
| idhorario | idestudiante |
+-----------+--------------+
|         1 |            1 |
|         2 |            2 |
|         3 |            3 |
+-----------+--------------+
3 rows in set (0.0009 sec)
 MySQL  localhost:3306 ssl  tbd2  SQL > update estudiante set idestudiante = 10 where idestudiante = 1;
Query OK, 1 row affected (0.0076 sec)

Rows matched: 1  Changed: 1  Warnings: 0
 MySQL  localhost:3306 ssl  tbd2  SQL > create table detallehorario(
                                     ->     iddetallehorario int not null auto_increment key,
                                     ->     idhorario int not null,
                                     ->     idasignatura int not null,
                                     ->     foreign key (idhorario) references horario(idhorario)
                                     ->     on delete restrict
                                     ->     on update cascade,
                                     ->     foreign key (idasignatura) references asignatura(idasignatura)
                                     ->     on delete restrict
                                     ->     on update cascade
                                     -> );
Query OK, 0 rows affected (0.0597 sec)
 MySQL  localhost:3306 ssl  tbd2  SQL > insert into asignatura (nombre, creditos)
                                     -> values ('Matematicas',2),
                                     ->        ('Espaniol',2),
                                     ->        ('TBD',10);
Query OK, 3 rows affected (0.0070 sec)

Records: 3  Duplicates: 0  Warnings: 0
 MySQL  localhost:3306 ssl  tbd2  SQL > insert into detallehorario (idhorario, idasignatura)
                                     -> values (1,1),(1,2),(1,3),(2,1),(2,3),(3,2);
Query OK, 6 rows affected (0.0077 sec)

Records: 6  Duplicates: 0  Warnings: 0
 MySQL  localhost:3306 ssl  tbd2  SQL > update horario set idhorario = 5 where idhorario = 1;
Query OK, 1 row affected (0.0061 sec)

Rows matched: 1  Changed: 1  Warnings: 0
 MySQL  localhost:3306 ssl  tbd2  SQL > show create venta;
ERROR: 1064 (42000): You have an error in your SQL syntax; check the manual that corresponds to your MySQL server version for the right syntax to use near 'venta' at line 1
 MySQL  localhost:3306 ssl  tbd2  SQL > show ventas;
ERROR: 1064 (42000): You have an error in your SQL syntax; check the manual that corresponds to your MySQL server version for the right syntax to use near 'ventas' at line 1
 MySQL  localhost:3306 ssl  tbd2  SQL > show tables;
+----------------+
| Tables_in_tbd2 |
+----------------+
| asignatura     |
| cliente        |
| detallehorario |
| estudiante     |
| horario        |
| producto       |
| venta          |
| ventadetalle   |
+----------------+
8 rows in set (0.0180 sec)
 MySQL  localhost:3306 ssl  tbd2  SQL > show venta;
ERROR: 1064 (42000): You have an error in your SQL syntax; check the manual that corresponds to your MySQL server version for the right syntax to use near 'venta' at line 1
 MySQL  localhost:3306 ssl  tbd2  SQL > show create table venta;
+-------+---------------------------------------------------------------------------------------------------------------------------------------------------------------------------------------------------------------------------------------------------------------------------------------------------------------------------------------------------------------+
| Table | Create Table                                                                                                                                                                                                                                                                                                                                                  |
+-------+---------------------------------------------------------------------------------------------------------------------------------------------------------------------------------------------------------------------------------------------------------------------------------------------------------------------------------------------------------------+
| venta | CREATE TABLE `venta` (
  `idventa` int NOT NULL AUTO_INCREMENT,
  `fecha` date NOT NULL,
  `idcliente` int NOT NULL,
  PRIMARY KEY (`idventa`),
  KEY `idcliente` (`idcliente`),
  CONSTRAINT `venta_ibfk_1` FOREIGN KEY (`idcliente`) REFERENCES `cliente` (`idcliente`)
) ENGINE=InnoDB AUTO_INCREMENT=6 DEFAULT CHARSET=utf8mb4 COLLATE=utf8mb4_0900_ai_ci |
+-------+---------------------------------------------------------------------------------------------------------------------------------------------------------------------------------------------------------------------------------------------------------------------------------------------------------------------------------------------------------------+
1 row in set (0.0122 sec)
 MySQL  localhost:3306 ssl  tbd2  SQL > show create table detallehorario;
+----------------+--------------------------------------------------------------------------------------------------------------------------------------------------------------------------------------------------------------------------------------------------------------------------------------------------------------------------------------------------------------------------------------------------------------------------------------------------------------------------------------------------------------------------------------------------------------------------------------------------------------------------------------+
| Table          | Create Table                                                                                                                                                                                                                                                                                                                                                                                                                                                                                                                                                                                                                         |
+----------------+--------------------------------------------------------------------------------------------------------------------------------------------------------------------------------------------------------------------------------------------------------------------------------------------------------------------------------------------------------------------------------------------------------------------------------------------------------------------------------------------------------------------------------------------------------------------------------------------------------------------------------------+
| detallehorario | CREATE TABLE `detallehorario` (
  `iddetallehorario` int NOT NULL AUTO_INCREMENT,
  `idhorario` int NOT NULL,
  `idasignatura` int NOT NULL,
  PRIMARY KEY (`iddetallehorario`),
  KEY `idhorario` (`idhorario`),
  KEY `idasignatura` (`idasignatura`),
  CONSTRAINT `detallehorario_ibfk_1` FOREIGN KEY (`idhorario`) REFERENCES `horario` (`idhorario`) ON DELETE RESTRICT ON UPDATE CASCADE,
  CONSTRAINT `detallehorario_ibfk_2` FOREIGN KEY (`idasignatura`) REFERENCES `asignatura` (`idasignatura`) ON DELETE RESTRICT ON UPDATE CASCADE
) ENGINE=InnoDB AUTO_INCREMENT=7 DEFAULT CHARSET=utf8mb4 COLLATE=utf8mb4_0900_ai_ci |
+----------------+--------------------------------------------------------------------------------------------------------------------------------------------------------------------------------------------------------------------------------------------------------------------------------------------------------------------------------------------------------------------------------------------------------------------------------------------------------------------------------------------------------------------------------------------------------------------------------------------------------------------------------------+
1 row in set (0.0013 sec)
 MySQL  localhost:3306 ssl  tbd2  SQL > show create table horario;
+---------+-----------------------------------------------------------------------------------------------------------------------------------------------------------------------------------------------------------------------------------------------------------------------------------------------------------------------------------------------------------------------------------------------------+
| Table   | Create Table                                                                                                                                                                                                                                                                                                                                                                                        |
+---------+-----------------------------------------------------------------------------------------------------------------------------------------------------------------------------------------------------------------------------------------------------------------------------------------------------------------------------------------------------------------------------------------------------+
| horario | CREATE TABLE `horario` (
  `idhorario` int NOT NULL AUTO_INCREMENT,
  `idestudiante` int NOT NULL,
  PRIMARY KEY (`idhorario`),
  KEY `idestudiante` (`idestudiante`),
  CONSTRAINT `horario_ibfk_1` FOREIGN KEY (`idestudiante`) REFERENCES `estudiante` (`idestudiante`) ON DELETE RESTRICT ON UPDATE CASCADE
) ENGINE=InnoDB AUTO_INCREMENT=6 DEFAULT CHARSET=utf8mb4 COLLATE=utf8mb4_0900_ai_ci |
+---------+-----------------------------------------------------------------------------------------------------------------------------------------------------------------------------------------------------------------------------------------------------------------------------------------------------------------------------------------------------------------------------------------------------+
1 row in set (0.0015 sec)
 MySQL  localhost:3306 ssl  tbd2  SQL > alter table horario
                                     -> drop constraint horario_ibfk_1;
Query OK, 0 rows affected (0.0506 sec)

Records: 0  Duplicates: 0  Warnings: 0
 MySQL  localhost:3306 ssl  tbd2  SQL > alter table horario
                                     -> add constraint foreign key (idestudiante)
                                     -> references estudiante(idestudiante)
                                     -> on delete cascade
                                     -> on update cascade;
Query OK, 3 rows affected (0.1476 sec)

Records: 3  Duplicates: 0  Warnings: 0
 MySQL  localhost:3306 ssl  tbd2  SQL > show create table horario;
+---------+----------------------------------------------------------------------------------------------------------------------------------------------------------------------------------------------------------------------------------------------------------------------------------------------------------------------------------------------------------------------------------------------------+
| Table   | Create Table                                                                                                                                                                                                                                                                                                                                                                                       |
+---------+----------------------------------------------------------------------------------------------------------------------------------------------------------------------------------------------------------------------------------------------------------------------------------------------------------------------------------------------------------------------------------------------------+
| horario | CREATE TABLE `horario` (
  `idhorario` int NOT NULL AUTO_INCREMENT,
  `idestudiante` int NOT NULL,
  PRIMARY KEY (`idhorario`),
  KEY `idestudiante` (`idestudiante`),
  CONSTRAINT `horario_ibfk_1` FOREIGN KEY (`idestudiante`) REFERENCES `estudiante` (`idestudiante`) ON DELETE CASCADE ON UPDATE CASCADE
) ENGINE=InnoDB AUTO_INCREMENT=6 DEFAULT CHARSET=utf8mb4 COLLATE=utf8mb4_0900_ai_ci |
+---------+----------------------------------------------------------------------------------------------------------------------------------------------------------------------------------------------------------------------------------------------------------------------------------------------------------------------------------------------------------------------------------------------------+
1 row in set (0.0013 sec)
 MySQL  localhost:3306 ssl  tbd2  SQL > show create table detallehorario;
+----------------+--------------------------------------------------------------------------------------------------------------------------------------------------------------------------------------------------------------------------------------------------------------------------------------------------------------------------------------------------------------------------------------------------------------------------------------------------------------------------------------------------------------------------------------------------------------------------------------------------------------------------------------+
| Table          | Create Table                                                                                                                                                                                                                                                                                                                                                                                                                                                                                                                                                                                                                         |
+----------------+--------------------------------------------------------------------------------------------------------------------------------------------------------------------------------------------------------------------------------------------------------------------------------------------------------------------------------------------------------------------------------------------------------------------------------------------------------------------------------------------------------------------------------------------------------------------------------------------------------------------------------------+
| detallehorario | CREATE TABLE `detallehorario` (
  `iddetallehorario` int NOT NULL AUTO_INCREMENT,
  `idhorario` int NOT NULL,
  `idasignatura` int NOT NULL,
  PRIMARY KEY (`iddetallehorario`),
  KEY `idhorario` (`idhorario`),
  KEY `idasignatura` (`idasignatura`),
  CONSTRAINT `detallehorario_ibfk_1` FOREIGN KEY (`idhorario`) REFERENCES `horario` (`idhorario`) ON DELETE RESTRICT ON UPDATE CASCADE,
  CONSTRAINT `detallehorario_ibfk_2` FOREIGN KEY (`idasignatura`) REFERENCES `asignatura` (`idasignatura`) ON DELETE RESTRICT ON UPDATE CASCADE
) ENGINE=InnoDB AUTO_INCREMENT=7 DEFAULT CHARSET=utf8mb4 COLLATE=utf8mb4_0900_ai_ci |
+----------------+--------------------------------------------------------------------------------------------------------------------------------------------------------------------------------------------------------------------------------------------------------------------------------------------------------------------------------------------------------------------------------------------------------------------------------------------------------------------------------------------------------------------------------------------------------------------------------------------------------------------------------------+
1 row in set (0.0032 sec)
 MySQL  localhost:3306 ssl  tbd2  SQL > alter table detallehorario
                                     -> drop constraint detallehorario_ibfk_1;
Query OK, 0 rows affected (0.0445 sec)

Records: 0  Duplicates: 0  Warnings: 0
 MySQL  localhost:3306 ssl  tbd2  SQL > alter table detallehorario drop constraint detallehorario_ibfk_2;
Query OK, 0 rows affected (0.0306 sec)

Records: 0  Duplicates: 0  Warnings: 0
 MySQL  localhost:3306 ssl  tbd2  SQL > alter table detallehorario
                                     -> add constraint foreign key(idhorario)
                                     -> references horario(idhorario)
                                     -> on delete cascade on update cascade;
Query OK, 6 rows affected (0.1480 sec)

Records: 6  Duplicates: 0  Warnings: 0
 MySQL  localhost:3306 ssl  tbd2  SQL > alter table detallehorario add constraint foreign key(idasignatura) references asignatura(idasignatura) on delete cascade on update cascade;
Query OK, 6 rows affected (0.1556 sec)

Records: 6  Duplicates: 0  Warnings: 0
 MySQL  localhost:3306 ssl  tbd2  SQL > select * from detallehorario;
+------------------+-----------+--------------+
| iddetallehorario | idhorario | idasignatura |
+------------------+-----------+--------------+
|                1 |         5 |            1 |
|                2 |         5 |            2 |
|                3 |         5 |            3 |
|                4 |         2 |            1 |
|                5 |         2 |            3 |
|                6 |         3 |            2 |
+------------------+-----------+--------------+
6 rows in set (0.0011 sec)
 MySQL  localhost:3306 ssl  tbd2  SQL > select * from horario where idhorario = 5;
+-----------+--------------+
| idhorario | idestudiante |
+-----------+--------------+
|         5 |           10 |
+-----------+--------------+
1 row in set (0.0020 sec)
 MySQL  localhost:3306 ssl  tbd2  SQL > select * from estudiante where idestudiante = 10;
+--------------+--------+------------+
| idestudiante | nombre | fecha_nac  |
+--------------+--------+------------+
|           10 | Alex   | 2004-12-02 |
+--------------+--------+------------+
1 row in set (0.0027 sec)
 MySQL  localhost:3306 ssl  tbd2  SQL > select * from asignatura;
+--------------+-------------+----------+
| idasignatura | nombre      | creditos |
+--------------+-------------+----------+
|            1 | Matematicas |        2 |
|            2 | Espaniol    |        2 |
|            3 | TBD         |       10 |
+--------------+-------------+----------+
3 rows in set (0.0029 sec)
 MySQL  localhost:3306 ssl  tbd2  SQL > select * from estudiante;
+--------------+----------+------------+
| idestudiante | nombre   | fecha_nac  |
+--------------+----------+------------+
|            2 | Michelle | 2003-10-02 |
|            3 | Juan     | 2004-10-01 |
|           10 | Alex     | 2004-12-02 |
+--------------+----------+------------+
3 rows in set (0.0010 sec)
 MySQL  localhost:3306 ssl  tbd2  SQL > delete from estudiante
                                     -> where idestudiante = 10;
Query OK, 1 row affected (0.0224 sec)
 MySQL  localhost:3306 ssl  tbd2  SQL > select * from estudiante;
+--------------+----------+------------+
| idestudiante | nombre   | fecha_nac  |
+--------------+----------+------------+
|            2 | Michelle | 2003-10-02 |
|            3 | Juan     | 2004-10-01 |
+--------------+----------+------------+
2 rows in set (0.0010 sec)
 MySQL  localhost:3306 ssl  tbd2  SQL > select * from horario;
+-----------+--------------+
| idhorario | idestudiante |
+-----------+--------------+
|         2 |            2 |
|         3 |            3 |
+-----------+--------------+
2 rows in set (0.0010 sec)
 MySQL  localhost:3306 ssl  tbd2  SQL > select * from detallehorario;
+------------------+-----------+--------------+
| iddetallehorario | idhorario | idasignatura |
+------------------+-----------+--------------+
|                4 |         2 |            1 |
|                5 |         2 |            3 |
|                6 |         3 |            2 |
+------------------+-----------+--------------+
3 rows in set (0.0010 sec)
 MySQL  localhost:3306 ssl  tbd2  SQL > use sakila;
Default schema set to `sakila`.
Fetching global names, object names from `sakila` for auto-completion... Press ^C to stop.
 MySQL  localhost:3306 ssl  sakila  SQL > use sakila;
Default schema set to `sakila`.
Fetching global names, object names from `sakila` for auto-completion... Press ^C to stop.
 MySQL  localhost:3306 ssl  sakila  SQL > show tables;
+----------------------------+
| Tables_in_sakila           |
+----------------------------+
| actor                      |
| actor_info                 |
| address                    |
| category                   |
| city                       |
| country                    |
| customer                   |
| customer_list              |
| film                       |
| film_actor                 |
| film_category              |
| film_list                  |
| film_text                  |
| inventory                  |
| language                   |
| nicer_but_slower_film_list |
| payment                    |
| rental                     |
| sales_by_film_category     |
| sales_by_store             |
| staff                      |
| staff_list                 |
| store                      |
+----------------------------+
23 rows in set (0.0030 sec)
 MySQL  localhost:3306 ssl  sakila  SQL > use tbd2;
Default schema set to `tbd2`.
Fetching global names, object names from `tbd2` for auto-completion... Press ^C to stop.
 MySQL  localhost:3306 ssl  tbd2  SQL > show tables;
+----------------+
| Tables_in_tbd2 |
+----------------+
| asignatura     |
| cliente        |
| detallehorario |
| estudiante     |
| horario        |
| producto       |
| venta          |
| ventadetalle   |
+----------------+
8 rows in set (0.0028 sec)
 MySQL  localhost:3306 ssl  tbd2  SQL > select * from venta;
+---------+------------+-----------+
| idventa | fecha      | idcliente |
+---------+------------+-----------+
|       3 | 2025-09-17 |         2 |
|       4 | 2025-09-17 |         3 |
+---------+------------+-----------+
2 rows in set (0.0394 sec)
 MySQL  localhost:3306 ssl  tbd2  SQL > select * from cliente;
+-----------+--------+---------------+
| idcliente | nombre | rfc           |
+-----------+--------+---------------+
|         2 | pedro  | HFGJ876543210 |
|         3 | Ana    | 1234567890123 |
+-----------+--------+---------------+
2 rows in set (0.0422 sec)
 MySQL  localhost:3306 ssl  tbd2  SQL > insert into cliente(nombre,rfc)
                                     -> value("Brayan","WASDQWERTY12");
Query OK, 1 row affected (0.0198 sec)
 MySQL  localhost:3306 ssl  tbd2  SQL > select * from cliente;
+-----------+--------+---------------+
| idcliente | nombre | rfc           |
+-----------+--------+---------------+
|         2 | pedro  | HFGJ876543210 |
|         3 | Ana    | 1234567890123 |
|         4 | Brayan | WASDQWERTY12  |
+-----------+--------+---------------+
3 rows in set (0.0010 sec)
 MySQL  localhost:3306 ssl  tbd2  SQL > select * from ventadetalle;
+----------------+---------+------------+----------+
| idventadetalle | idventa | idproducto | cantidad |
+----------------+---------+------------+----------+
|             13 |       4 |          1 |        5 |
|             14 |       4 |          2 |        1 |
|             15 |       3 |          3 |       10 |
|             16 |       3 |          1 |        1 |
+----------------+---------+------------+----------+
4 rows in set (0.0428 sec)
 MySQL  localhost:3306 ssl  tbd2  SQL > select * from venta;
+---------+------------+-----------+
| idventa | fecha      | idcliente |
+---------+------------+-----------+
|       3 | 2025-09-17 |         2 |
|       4 | 2025-09-17 |         3 |
+---------+------------+-----------+
2 rows in set (0.0011 sec)
 MySQL  localhost:3306 ssl  tbd2  SQL > select * from cliente;
+-----------+--------+---------------+
| idcliente | nombre | rfc           |
+-----------+--------+---------------+
|         2 | pedro  | HFGJ876543210 |
|         3 | Ana    | 1234567890123 |
|         4 | Brayan | WASDQWERTY12  |
+-----------+--------+---------------+
3 rows in set (0.0010 sec)
 MySQL  localhost:3306 ssl  tbd2  SQL > select * from cliente
                                     -> where idcliente in (select idcliente from venta);
+-----------+--------+---------------+
| idcliente | nombre | rfc           |
+-----------+--------+---------------+
|         2 | pedro  | HFGJ876543210 |
|         3 | Ana    | 1234567890123 |
+-----------+--------+---------------+
2 rows in set (0.0172 sec)
 MySQL  localhost:3306 ssl  tbd2  SQL > select idcliente from venta;
+-----------+
| idcliente |
+-----------+
|         2 |
|         3 |
+-----------+
2 rows in set (0.0011 sec)
 MySQL  localhost:3306 ssl  tbd2  SQL > select distinct idcliente from venta;
+-----------+
| idcliente |
+-----------+
|         2 |
|         3 |
+-----------+
2 rows in set (0.0031 sec)
 MySQL  localhost:3306 ssl  tbd2  SQL > select * from cliente
                                     -> where idcliente in
                                     -> (select distinct idcliente from venta);
+-----------+--------+---------------+
| idcliente | nombre | rfc           |
+-----------+--------+---------------+
|         2 | pedro  | HFGJ876543210 |
|         3 | Ana    | 1234567890123 |
+-----------+--------+---------------+
2 rows in set (0.0012 sec)
 MySQL  localhost:3306 ssl  tbd2  SQL > select * from cliente where idcliente not in (select distinct idcliente from venta);
+-----------+--------+--------------+
| idcliente | nombre | rfc          |
+-----------+--------+--------------+
|         4 | Brayan | WASDQWERTY12 |
+-----------+--------+--------------+
1 row in set (0.0012 sec)
 MySQL  localhost:3306 ssl  tbd2  SQL > select * from ventadetalle;
+----------------+---------+------------+----------+
| idventadetalle | idventa | idproducto | cantidad |
+----------------+---------+------------+----------+
|             13 |       4 |          1 |        5 |
|             14 |       4 |          2 |        1 |
|             15 |       3 |          3 |       10 |
|             16 |       3 |          1 |        1 |
+----------------+---------+------------+----------+
4 rows in set (0.0012 sec)
 MySQL  localhost:3306 ssl  tbd2  SQL > desc producto;
+------------+--------------+------+-----+---------+----------------+
| Field      | Type         | Null | Key | Default | Extra          |
+------------+--------------+------+-----+---------+----------------+
| idproducto | int          | NO   | PRI | NULL    | auto_increment |
| nombre     | varchar(50)  | NO   |     | NULL    |                |
| precio     | decimal(8,2) | NO   |     | NULL    |                |
+------------+--------------+------+-----+---------+----------------+
3 rows in set (0.0233 sec)
 MySQL  localhost:3306 ssl  tbd2  SQL > select from producto;
ERROR: 1064 (42000): You have an error in your SQL syntax; check the manual that corresponds to your MySQL server version for the right syntax to use near 'from producto' at line 1
 MySQL  localhost:3306 ssl  tbd2  SQL > select * from producto;
+------------+---------+-----------+
| idproducto | nombre  | precio    |
+------------+---------+-----------+
|          1 | celular |  10000.00 |
|          2 | TV      |  15234.20 |
|          3 | Laptop  | 123412.50 |
+------------+---------+-----------+
3 rows in set (0.0402 sec)
 MySQL  localhost:3306 ssl  tbd2  SQL > select * from producto
                                     -> where idproducto in
                                     -> (select distinct idproducto from ventadetalle);
+------------+---------+-----------+
| idproducto | nombre  | precio    |
+------------+---------+-----------+
|          1 | celular |  10000.00 |
|          2 | TV      |  15234.20 |
|          3 | Laptop  | 123412.50 |
+------------+---------+-----------+
3 rows in set (0.0146 sec)
 MySQL  localhost:3306 ssl  tbd2  SQL > select count(*) from producto where idproducto in (select distinct idproducto from ventadetalle);
+----------+
| count(*) |
+----------+
|        3 |
+----------+
1 row in set (0.0181 sec)
 MySQL  localhost:3306 ssl  tbd2  SQL >